0 verbose cli C:\Program Files\nodejs\node.exe C:\Program Files\nodejs\node_modules\npm\bin\npm-cli.js
1 info using npm@10.9.2
2 info using node@v22.15.1
3 silly config load:file:C:\Program Files\nodejs\node_modules\npm\npmrc
4 silly config load:file:C:\Users\Legion\Documents\developer\developer\gigflow-root\gigflow_api\.npmrc
5 silly config load:file:C:\Users\Legion\.npmrc
6 silly config load:file:C:\Users\Legion\AppData\Roaming\npm\etc\npmrc
7 verbose title npm install @types/cors
8 verbose argv "install" "--save-dev" "@types/cors" "--cache" ".\\.npm-cache"
9 verbose logfile logs-max:10 dir:C:\Users\Legion\Documents\developer\developer\gigflow-root\gigflow_api\.npm-cache\_logs\2026-06-09T09_29_41_821Z-
10 verbose logfile C:\Users\Legion\Documents\developer\developer\gigflow-root\gigflow_api\.npm-cache\_logs\2026-06-09T09_29_41_821Z-debug-0.log
11 silly logfile done cleaning log files
12 silly packumentCache heap:2197815296 maxSize:549453824 maxEntrySize:274726912
13 silly idealTree buildDeps
14 silly fetch manifest @types/cors@*
15 silly packumentCache full:https://registry.npmjs.org/@types%2fcors cache-miss
16 http fetch GET 200 https://registry.npmjs.org/@types%2fcors 820ms (cache miss)
17 silly packumentCache full:https://registry.npmjs.org/@types%2fcors set size:undefined disposed:false
18 silly placeDep ROOT @types/cors@2.8.19 OK for: gigflow_api@1.0.0 want: *
19 silly reify mark retired [
19 silly reify   'C:\\Users\\Legion\\Documents\\developer\\developer\\gigflow-root\\gigflow_api\\node_modules\\mogoose'
19 silly reify ]
20 silly reify moves {
20 silly reify   'C:\\Users\\Legion\\Documents\\developer\\developer\\gigflow-root\\gigflow_api\\node_modules\\mogoose': 'C:\\Users\\Legion\\Documents\\developer\\developer\\gigflow-root\\gigflow_api\\node_modules\\.mogoose-jtMihNoD'
20 silly reify }
21 silly audit bulk request {
21 silly audit   '@esbuild/aix-ppc64': [ '0.28.0' ],
21 silly audit   '@esbuild/android-arm': [ '0.28.0' ],
21 silly audit   '@esbuild/android-arm64': [ '0.28.0' ],
21 silly audit   '@esbuild/android-x64': [ '0.28.0' ],
21 silly audit   '@esbuild/darwin-arm64': [ '0.28.0' ],
21 silly audit   '@esbuild/darwin-x64': [ '0.28.0' ],
21 silly audit   '@esbuild/freebsd-arm64': [ '0.28.0' ],
21 silly audit   '@esbuild/freebsd-x64': [ '0.28.0' ],
21 silly audit   '@esbuild/linux-arm': [ '0.28.0' ],
21 silly audit   '@esbuild/linux-arm64': [ '0.28.0' ],
21 silly audit   '@esbuild/linux-ia32': [ '0.28.0' ],
21 silly audit   '@esbuild/linux-loong64': [ '0.28.0' ],
21 silly audit   '@esbuild/linux-mips64el': [ '0.28.0' ],
21 silly audit   '@esbuild/linux-ppc64': [ '0.28.0' ],
21 silly audit   '@esbuild/linux-riscv64': [ '0.28.0' ],
21 silly audit   '@esbuild/linux-s390x': [ '0.28.0' ],
21 silly audit   '@esbuild/linux-x64': [ '0.28.0' ],
21 silly audit   '@esbuild/netbsd-arm64': [ '0.28.0' ],
21 silly audit   '@esbuild/netbsd-x64': [ '0.28.0' ],
21 silly audit   '@esbuild/openbsd-arm64': [ '0.28.0' ],
21 silly audit   '@esbuild/openbsd-x64': [ '0.28.0' ],
21 silly audit   '@esbuild/openharmony-arm64': [ '0.28.0' ],
21 silly audit   '@esbuild/sunos-x64': [ '0.28.0' ],
21 silly audit   '@esbuild/win32-arm64': [ '0.28.0' ],
21 silly audit   '@esbuild/win32-ia32': [ '0.28.0' ],
21 silly audit   '@esbuild/win32-x64': [ '0.28.0' ],
21 silly audit   '@mongodb-js/saslprep': [ '1.4.11' ],
21 silly audit   '@types/body-parser': [ '1.19.6' ],
21 silly audit   '@types/connect': [ '3.4.38' ],
21 silly audit   '@types/express': [ '5.0.6' ],
21 silly audit   '@types/express-serve-static-core': [ '5.1.1' ],
21 silly audit   '@types/http-errors': [ '2.0.5' ],
21 silly audit   '@types/jsonwebtoken': [ '9.0.10' ],
21 silly audit   '@types/ms': [ '2.1.0' ],
21 silly audit   '@types/node': [ '25.9.2' ],
21 silly audit   '@types/qs': [ '6.15.1' ],
21 silly audit   '@types/range-parser': [ '1.2.7' ],
21 silly audit   '@types/send': [ '1.2.1' ],
21 silly audit   '@types/serve-static': [ '2.2.0' ],
21 silly audit   '@types/webidl-conversions': [ '7.0.3' ],
21 silly audit   '@types/whatwg-url': [ '13.0.0' ],
21 silly audit   accepts: [ '2.0.0' ],
21 silly audit   bcryptjs: [ '3.0.3' ],
21 silly audit   'body-parser': [ '2.2.2' ],
21 silly audit   bson: [ '7.2.0' ],
21 silly audit   'buffer-equal-constant-time': [ '1.0.1' ],
21 silly audit   bytes: [ '3.1.2' ],
21 silly audit   'call-bind-apply-helpers': [ '1.0.2' ],
21 silly audit   'call-bound': [ '1.0.4' ],
21 silly audit   'content-disposition': [ '1.1.0' ],
21 silly audit   'content-type': [ '1.0.5', '2.0.0' ],
21 silly audit   cookie: [ '0.7.2' ],
21 silly audit   'cookie-signature': [ '1.2.2' ],
21 silly audit   cors: [ '2.8.6' ],
21 silly audit   debug: [ '4.4.3' ],
21 silly audit   depd: [ '2.0.0' ],
21 silly audit   dotenv: [ '17.4.2' ],
21 silly audit   'dunder-proto': [ '1.0.1' ],
21 silly audit   'ecdsa-sig-formatter': [ '1.0.11' ],
21 silly audit   'ee-first': [ '1.1.1' ],
21 silly audit   encodeurl: [ '2.0.0' ],
21 silly audit   'es-define-property': [ '1.0.1' ],
21 silly audit   'es-errors': [ '1.3.0' ],
21 silly audit   'es-object-atoms': [ '1.1.2' ],
21 silly audit   esbuild: [ '0.28.0' ],
21 silly audit   'escape-html': [ '1.0.3' ],
21 silly audit   etag: [ '1.8.1' ],
21 silly audit   express: [ '5.2.1' ],
21 silly audit   finalhandler: [ '2.1.1' ],
21 silly audit   forwarded: [ '0.2.0' ],
21 silly audit   fresh: [ '2.0.0' ],
21 silly audit   fsevents: [ '2.3.3' ],
21 silly audit   'function-bind': [ '1.1.2' ],
21 silly audit   'get-intrinsic': [ '1.3.0' ],
21 silly audit   'get-proto': [ '1.0.1' ],
21 silly audit   gopd: [ '1.2.0' ],
21 silly audit   'has-symbols': [ '1.1.0' ],
21 silly audit   hasown: [ '2.0.4' ],
21 silly audit   'http-errors': [ '2.0.1' ],
21 silly audit   'iconv-lite': [ '0.7.2' ],
21 silly audit   inherits: [ '2.0.4' ],
21 silly audit   'ipaddr.js': [ '1.9.1' ],
21 silly audit   'is-promise': [ '4.0.0' ],
21 silly audit   jsonwebtoken: [ '9.0.3' ],
21 silly audit   jwa: [ '2.0.1' ],
21 silly audit   jws: [ '4.0.1' ],
21 silly audit   kareem: [ '3.3.0' ],
21 silly audit   'lodash.includes': [ '4.3.0' ],
21 silly audit   'lodash.isboolean': [ '3.0.3' ],
21 silly audit   'lodash.isinteger': [ '4.0.4' ],
21 silly audit   'lodash.isnumber': [ '3.0.3' ],
21 silly audit   'lodash.isplainobject': [ '4.0.6' ],
21 silly audit   'lodash.isstring': [ '4.0.1' ],
21 silly audit   'lodash.once': [ '4.1.1' ],
21 silly audit   'math-intrinsics': [ '1.1.0' ],
21 silly audit   'media-typer': [ '1.1.0' ],
21 silly audit   'memory-pager': [ '1.5.0' ],
21 silly audit   'merge-descriptors': [ '2.0.0' ],
21 silly audit   'mime-db': [ '1.54.0' ],
21 silly audit   'mime-types': [ '3.0.2' ],
21 silly audit   mongodb: [ '7.2.0' ],
21 silly audit   'mongodb-connection-string-url': [ '7.0.1' ],
21 silly audit   mongoose: [ '9.6.3' ],
21 silly audit   mpath: [ '0.9.0' ],
21 silly audit   mquery: [ '6.0.0' ],
21 silly audit   ms: [ '2.1.3' ],
21 silly audit   negotiator: [ '1.0.0' ],
21 silly audit   'object-assign': [ '4.1.1' ],
21 silly audit   'object-inspect': [ '1.13.4' ],
21 silly audit   'on-finished': [ '2.4.1' ],
21 silly audit   once: [ '1.4.0' ],
21 silly audit   parseurl: [ '1.3.3' ],
21 silly audit   'path-to-regexp': [ '8.4.2' ],
21 silly audit   'proxy-addr': [ '2.0.7' ],
21 silly audit   punycode: [ '2.3.1' ],
21 silly audit   qs: [ '6.15.2' ],
21 silly audit   'range-parser': [ '1.2.1' ],
21 silly audit   'raw-body': [ '3.0.2' ],
21 silly audit   router: [ '2.2.0' ],
21 silly audit   'safe-buffer': [ '5.2.1' ],
21 silly audit   'safer-buffer': [ '2.1.2' ],
21 silly audit   semver: [ '7.8.2' ],
21 silly audit   send: [ '1.2.1' ],
21 silly audit   'serve-static': [ '2.2.1' ],
21 silly audit   setprototypeof: [ '1.2.0' ],
21 silly audit   'side-channel': [ '1.1.0' ],
21 silly audit   'side-channel-list': [ '1.0.1' ],
21 silly audit   'side-channel-map': [ '1.0.1' ],
21 silly audit   'side-channel-weakmap': [ '1.0.2' ],
21 silly audit   sift: [ '17.1.3' ],
21 silly audit   'sparse-bitfield': [ '3.0.3' ],
21 silly audit   statuses: [ '2.0.2' ],
21 silly audit   toidentifier: [ '1.0.1' ],
21 silly audit   tr46: [ '5.1.1' ],
21 silly audit   tsx: [ '4.22.4' ],
21 silly audit   'type-is': [ '2.1.0' ],
21 silly audit   typescript: [ '6.0.3' ],
21 silly audit   'undici-types': [ '7.24.6' ],
21 silly audit   unpipe: [ '1.0.0' ],
21 silly audit   vary: [ '1.1.2' ],
21 silly audit   'webidl-conversions': [ '7.0.0' ],
21 silly audit   'whatwg-url': [ '14.2.0' ],
21 silly audit   wrappy: [ '1.0.2' ],
21 silly audit   zod: [ '4.4.3' ],
21 silly audit   '@types/cors': [ '2.8.19' ]
21 silly audit }
22 verbose reify failed optional dependency C:\Users\Legion\Documents\developer\developer\gigflow-root\gigflow_api\node_modules\fsevents
23 silly reify mark deleted [
23 silly reify   'C:\\Users\\Legion\\Documents\\developer\\developer\\gigflow-root\\gigflow_api\\node_modules\\fsevents'
23 silly reify ]
24 verbose reify failed optional dependency C:\Users\Legion\Documents\developer\developer\gigflow-root\gigflow_api\node_modules\@esbuild\win32-ia32
25 silly reify mark deleted [
25 silly reify   'C:\\Users\\Legion\\Documents\\developer\\developer\\gigflow-root\\gigflow_api\\node_modules\\@esbuild\\win32-ia32'
25 silly reify ]
26 verbose reify failed optional dependency C:\Users\Legion\Documents\developer\developer\gigflow-root\gigflow_api\node_modules\@esbuild\win32-arm64
27 silly reify mark deleted [
27 silly reify   'C:\\Users\\Legion\\Documents\\developer\\developer\\gigflow-root\\gigflow_api\\node_modules\\@esbuild\\win32-arm64'
27 silly reify ]
28 verbose reify failed optional dependency C:\Users\Legion\Documents\developer\developer\gigflow-root\gigflow_api\node_modules\@esbuild\sunos-x64
29 silly reify mark deleted [
29 silly reify   'C:\\Users\\Legion\\Documents\\developer\\developer\\gigflow-root\\gigflow_api\\node_modules\\@esbuild\\sunos-x64'
29 silly reify ]
30 verbose reify failed optional dependency C:\Users\Legion\Documents\developer\developer\gigflow-root\gigflow_api\node_modules\@esbuild\openharmony-arm64
31 silly reify mark deleted [
31 silly reify   'C:\\Users\\Legion\\Documents\\developer\\developer\\gigflow-root\\gigflow_api\\node_modules\\@esbuild\\openharmony-arm64'
31 silly reify ]
32 verbose reify failed optional dependency C:\Users\Legion\Documents\developer\developer\gigflow-root\gigflow_api\node_modules\@esbuild\openbsd-x64
33 silly reify mark deleted [
33 silly reify   'C:\\Users\\Legion\\Documents\\developer\\developer\\gigflow-root\\gigflow_api\\node_modules\\@esbuild\\openbsd-x64'
33 silly reify ]
34 verbose reify failed optional dependency C:\Users\Legion\Documents\developer\developer\gigflow-root\gigflow_api\node_modules\@esbuild\openbsd-arm64
35 silly reify mark deleted [
35 silly reify   'C:\\Users\\Legion\\Documents\\developer\\developer\\gigflow-root\\gigflow_api\\node_modules\\@esbuild\\openbsd-arm64'
35 silly reify ]
36 verbose reify failed optional dependency C:\Users\Legion\Documents\developer\developer\gigflow-root\gigflow_api\node_modules\@esbuild\netbsd-x64
37 silly reify mark deleted [
37 silly reify   'C:\\Users\\Legion\\Documents\\developer\\developer\\gigflow-root\\gigflow_api\\node_modules\\@esbuild\\netbsd-x64'
37 silly reify ]
38 verbose reify failed optional dependency C:\Users\Legion\Documents\developer\developer\gigflow-root\gigflow_api\node_modules\@esbuild\netbsd-arm64
39 silly reify mark deleted [
39 silly reify   'C:\\Users\\Legion\\Documents\\developer\\developer\\gigflow-root\\gigflow_api\\node_modules\\@esbuild\\netbsd-arm64'
39 silly reify ]
40 verbose reify failed optional dependency C:\Users\Legion\Documents\developer\developer\gigflow-root\gigflow_api\node_modules\@esbuild\linux-x64
41 silly reify mark deleted [
41 silly reify   'C:\\Users\\Legion\\Documents\\developer\\developer\\gigflow-root\\gigflow_api\\node_modules\\@esbuild\\linux-x64'
41 silly reify ]
42 verbose reify failed optional dependency C:\Users\Legion\Documents\developer\developer\gigflow-root\gigflow_api\node_modules\@esbuild\linux-s390x
43 silly reify mark deleted [
43 silly reify   'C:\\Users\\Legion\\Documents\\developer\\developer\\gigflow-root\\gigflow_api\\node_modules\\@esbuild\\linux-s390x'
43 silly reify ]
44 verbose reify failed optional dependency C:\Users\Legion\Documents\developer\developer\gigflow-root\gigflow_api\node_modules\@esbuild\linux-riscv64
45 silly reify mark deleted [
45 silly reify   'C:\\Users\\Legion\\Documents\\developer\\developer\\gigflow-root\\gigflow_api\\node_modules\\@esbuild\\linux-riscv64'
45 silly reify ]
46 verbose reify failed optional dependency C:\Users\Legion\Documents\developer\developer\gigflow-root\gigflow_api\node_modules\@esbuild\linux-ppc64
47 silly reify mark deleted [
47 silly reify   'C:\\Users\\Legion\\Documents\\developer\\developer\\gigflow-root\\gigflow_api\\node_modules\\@esbuild\\linux-ppc64'
47 silly reify ]
48 verbose reify failed optional dependency C:\Users\Legion\Documents\developer\developer\gigflow-root\gigflow_api\node_modules\@esbuild\linux-mips64el
49 silly reify mark deleted [
49 silly reify   'C:\\Users\\Legion\\Documents\\developer\\developer\\gigflow-root\\gigflow_api\\node_modules\\@esbuild\\linux-mips64el'
49 silly reify ]
50 verbose reify failed optional dependency C:\Users\Legion\Documents\developer\developer\gigflow-root\gigflow_api\node_modules\@esbuild\linux-loong64
51 silly reify mark deleted [
51 silly reify   'C:\\Users\\Legion\\Documents\\developer\\developer\\gigflow-root\\gigflow_api\\node_modules\\@esbuild\\linux-loong64'
51 silly reify ]
52 verbose reify failed optional dependency C:\Users\Legion\Documents\developer\developer\gigflow-root\gigflow_api\node_modules\@esbuild\linux-ia32
53 silly reify mark deleted [
53 silly reify   'C:\\Users\\Legion\\Documents\\developer\\developer\\gigflow-root\\gigflow_api\\node_modules\\@esbuild\\linux-ia32'
53 silly reify ]
54 verbose reify failed optional dependency C:\Users\Legion\Documents\developer\developer\gigflow-root\gigflow_api\node_modules\@esbuild\linux-arm64
55 silly reify mark deleted [
55 silly reify   'C:\\Users\\Legion\\Documents\\developer\\developer\\gigflow-root\\gigflow_api\\node_modules\\@esbuild\\linux-arm64'
55 silly reify ]
56 verbose reify failed optional dependency C:\Users\Legion\Documents\developer\developer\gigflow-root\gigflow_api\node_modules\@esbuild\linux-arm
57 silly reify mark deleted [
57 silly reify   'C:\\Users\\Legion\\Documents\\developer\\developer\\gigflow-root\\gigflow_api\\node_modules\\@esbuild\\linux-arm'
57 silly reify ]
58 verbose reify failed optional dependency C:\Users\Legion\Documents\developer\developer\gigflow-root\gigflow_api\node_modules\@esbuild\freebsd-x64
59 silly reify mark deleted [
59 silly reify   'C:\\Users\\Legion\\Documents\\developer\\developer\\gigflow-root\\gigflow_api\\node_modules\\@esbuild\\freebsd-x64'
59 silly reify ]
60 verbose reify failed optional dependency C:\Users\Legion\Documents\developer\developer\gigflow-root\gigflow_api\node_modules\@esbuild\freebsd-arm64
61 silly reify mark deleted [
61 silly reify   'C:\\Users\\Legion\\Documents\\developer\\developer\\gigflow-root\\gigflow_api\\node_modules\\@esbuild\\freebsd-arm64'
61 silly reify ]
62 verbose reify failed optional dependency C:\Users\Legion\Documents\developer\developer\gigflow-root\gigflow_api\node_modules\@esbuild\darwin-x64
63 silly reify mark deleted [
63 silly reify   'C:\\Users\\Legion\\Documents\\developer\\developer\\gigflow-root\\gigflow_api\\node_modules\\@esbuild\\darwin-x64'
63 silly reify ]
64 verbose reify failed optional dependency C:\Users\Legion\Documents\developer\developer\gigflow-root\gigflow_api\node_modules\@esbuild\darwin-arm64
65 silly reify mark deleted [
65 silly reify   'C:\\Users\\Legion\\Documents\\developer\\developer\\gigflow-root\\gigflow_api\\node_modules\\@esbuild\\darwin-arm64'
65 silly reify ]
66 verbose reify failed optional dependency C:\Users\Legion\Documents\developer\developer\gigflow-root\gigflow_api\node_modules\@esbuild\android-x64
67 silly reify mark deleted [
67 silly reify   'C:\\Users\\Legion\\Documents\\developer\\developer\\gigflow-root\\gigflow_api\\node_modules\\@esbuild\\android-x64'
67 silly reify ]
68 verbose reify failed optional dependency C:\Users\Legion\Documents\developer\developer\gigflow-root\gigflow_api\node_modules\@esbuild\android-arm64
69 silly reify mark deleted [
69 silly reify   'C:\\Users\\Legion\\Documents\\developer\\developer\\gigflow-root\\gigflow_api\\node_modules\\@esbuild\\android-arm64'
69 silly reify ]
70 verbose reify failed optional dependency C:\Users\Legion\Documents\developer\developer\gigflow-root\gigflow_api\node_modules\@esbuild\android-arm
71 silly reify mark deleted [
71 silly reify   'C:\\Users\\Legion\\Documents\\developer\\developer\\gigflow-root\\gigflow_api\\node_modules\\@esbuild\\android-arm'
71 silly reify ]
72 verbose reify failed optional dependency C:\Users\Legion\Documents\developer\developer\gigflow-root\gigflow_api\node_modules\@esbuild\aix-ppc64
73 silly reify mark deleted [
73 silly reify   'C:\\Users\\Legion\\Documents\\developer\\developer\\gigflow-root\\gigflow_api\\node_modules\\@esbuild\\aix-ppc64'
73 silly reify ]
74 http cache @types/cors@https://registry.npmjs.org/@types/cors/-/cors-2.8.19.tgz 0ms (cache hit)
75 silly tarball no local data for @types/cors@https://registry.npmjs.org/@types/cors/-/cors-2.8.19.tgz. Extracting by manifest.
76 http fetch POST 200 https://registry.npmjs.org/-/npm/v1/security/advisories/bulk 336ms
77 silly audit report {}
78 http fetch GET 200 https://registry.npmjs.org/@types/cors/-/cors-2.8.19.tgz 427ms (cache miss)
79 silly ADD node_modules/@types/cors
80 silly ADD
81 silly ADD
82 silly ADD
83 silly ADD
84 silly ADD
85 silly ADD
86 silly ADD
87 silly ADD
88 silly ADD
89 silly ADD
90 silly ADD
91 silly ADD
92 silly ADD
93 silly ADD
94 silly ADD
95 silly ADD
96 silly ADD
97 silly ADD
98 silly ADD
99 silly ADD
100 silly ADD
101 silly ADD
102 silly ADD
103 silly ADD
104 silly ADD
105 silly ADD
106 silly REMOVE node_modules/mogoose
107 verbose cwd C:\Users\Legion\Documents\developer\developer\gigflow-root\gigflow_api
108 verbose os Windows_NT 10.0.26200
109 verbose node v22.15.1
110 verbose npm  v10.9.2
111 verbose exit 0
112 info ok
