0 verbose cli C:\Program Files\nodejs\node.exe C:\Program Files\nodejs\node_modules\npm\bin\npm-cli.js
1 info using npm@10.9.2
2 info using node@v22.15.1
3 silly config load:file:C:\Program Files\nodejs\node_modules\npm\npmrc
4 silly config load:file:C:\Users\Legion\Documents\developer\developer\gigflow-root\gigflow_api\.npmrc
5 silly config load:file:C:\Users\Legion\.npmrc
6 silly config load:file:C:\Users\Legion\AppData\Roaming\npm\etc\npmrc
7 verbose title npm install mongoose@^9.6.2
8 verbose argv "install" "mongoose@^9.6.2" "--cache" ".\\.npm-cache"
9 verbose logfile logs-max:10 dir:C:\Users\Legion\Documents\developer\developer\gigflow-root\gigflow_api\.npm-cache\_logs\2026-06-09T09_14_51_369Z-
10 verbose logfile C:\Users\Legion\Documents\developer\developer\gigflow-root\gigflow_api\.npm-cache\_logs\2026-06-09T09_14_51_369Z-debug-0.log
11 silly logfile done cleaning log files
12 silly packumentCache heap:2197815296 maxSize:549453824 maxEntrySize:274726912
13 silly idealTree buildDeps
14 silly fetch manifest mongoose@^9.6.2
15 silly packumentCache full:https://registry.npmjs.org/mongoose cache-miss
16 http fetch GET 200 https://registry.npmjs.org/npm 256ms
17 http fetch GET 200 https://registry.npmjs.org/mongoose 223ms (cache miss)
18 silly packumentCache full:https://registry.npmjs.org/mongoose set size:undefined disposed:false
19 silly placeDep ROOT mongoose@9.6.3 OK for: gigflow_api@1.0.0 want: ^9.6.2
20 silly fetch manifest kareem@3.3.0
21 silly packumentCache full:https://registry.npmjs.org/kareem cache-miss
22 silly fetch manifest mongodb@~7.2
23 silly packumentCache full:https://registry.npmjs.org/mongodb cache-miss
24 silly fetch manifest mpath@0.9.0
25 silly packumentCache full:https://registry.npmjs.org/mpath cache-miss
26 silly fetch manifest mquery@6.0.0
27 silly packumentCache full:https://registry.npmjs.org/mquery cache-miss
28 silly fetch manifest sift@17.1.3
29 silly packumentCache full:https://registry.npmjs.org/sift cache-miss
30 http fetch GET 200 https://registry.npmjs.org/kareem 394ms (cache miss)
31 silly packumentCache full:https://registry.npmjs.org/kareem set size:undefined disposed:false
32 http fetch GET 200 https://registry.npmjs.org/mpath 424ms (cache miss)
33 silly packumentCache full:https://registry.npmjs.org/mpath set size:undefined disposed:false
34 http fetch GET 200 https://registry.npmjs.org/mquery 429ms (cache miss)
35 silly packumentCache full:https://registry.npmjs.org/mquery set size:undefined disposed:false
36 http fetch GET 200 https://registry.npmjs.org/sift 434ms (cache miss)
37 silly packumentCache full:https://registry.npmjs.org/sift set size:undefined disposed:false
38 http fetch GET 200 https://registry.npmjs.org/mongodb 464ms (cache miss)
39 silly packumentCache full:https://registry.npmjs.org/mongodb set size:undefined disposed:false
40 silly fetch manifest @aws-sdk/credential-providers@^3.806.0
41 silly packumentCache full:https://registry.npmjs.org/@aws-sdk%2fcredential-providers cache-miss
42 http fetch GET 200 https://registry.npmjs.org/@aws-sdk%2fcredential-providers 886ms (cache miss)
43 silly packumentCache full:https://registry.npmjs.org/@aws-sdk%2fcredential-providers set size:undefined disposed:false
44 silly fetch manifest @mongodb-js/zstd@^7.0.0
45 silly packumentCache full:https://registry.npmjs.org/@mongodb-js%2fzstd cache-miss
46 http fetch GET 200 https://registry.npmjs.org/@mongodb-js%2fzstd 337ms (cache miss)
47 silly packumentCache full:https://registry.npmjs.org/@mongodb-js%2fzstd set size:undefined disposed:false
48 silly fetch manifest gcp-metadata@^7.0.1
49 silly packumentCache full:https://registry.npmjs.org/gcp-metadata cache-miss
50 http fetch GET 200 https://registry.npmjs.org/gcp-metadata 340ms (cache miss)
51 silly packumentCache full:https://registry.npmjs.org/gcp-metadata set size:undefined disposed:false
52 silly fetch manifest kerberos@^7.0.0
53 silly packumentCache full:https://registry.npmjs.org/kerberos cache-miss
54 http fetch GET 200 https://registry.npmjs.org/kerberos 308ms (cache miss)
55 silly packumentCache full:https://registry.npmjs.org/kerberos set size:undefined disposed:false
56 silly fetch manifest mongodb-client-encryption@>=7.0.0 <7.1.0
57 silly packumentCache full:https://registry.npmjs.org/mongodb-client-encryption cache-miss
58 http fetch GET 200 https://registry.npmjs.org/mongodb-client-encryption 428ms (cache miss)
59 silly packumentCache full:https://registry.npmjs.org/mongodb-client-encryption set size:undefined disposed:false
60 silly fetch manifest snappy@^7.3.2
61 silly packumentCache full:https://registry.npmjs.org/snappy cache-miss
62 http fetch GET 200 https://registry.npmjs.org/snappy 356ms (cache miss)
63 silly packumentCache full:https://registry.npmjs.org/snappy set size:undefined disposed:false
64 silly fetch manifest socks@^2.8.6
65 silly packumentCache full:https://registry.npmjs.org/socks cache-miss
66 http fetch GET 200 https://registry.npmjs.org/socks 339ms (cache miss)
67 silly packumentCache full:https://registry.npmjs.org/socks set size:undefined disposed:false
68 silly placeDep ROOT kareem@3.3.0 OK for: mongoose@9.6.3 want: 3.3.0
69 silly placeDep ROOT mongodb@7.2.0 OK for: mongoose@9.6.3 want: ~7.2
70 silly placeDep ROOT mpath@0.9.0 OK for: mongoose@9.6.3 want: 0.9.0
71 silly placeDep ROOT mquery@6.0.0 OK for: mongoose@9.6.3 want: 6.0.0
72 silly placeDep ROOT sift@17.1.3 OK for: mongoose@9.6.3 want: 17.1.3
73 silly fetch manifest bson@^7.2.0
74 silly packumentCache full:https://registry.npmjs.org/bson cache-miss
75 silly fetch manifest @mongodb-js/saslprep@^1.3.0
76 silly packumentCache full:https://registry.npmjs.org/@mongodb-js%2fsaslprep cache-miss
77 silly fetch manifest mongodb-connection-string-url@^7.0.0
78 silly packumentCache full:https://registry.npmjs.org/mongodb-connection-string-url cache-miss
79 http fetch GET 200 https://registry.npmjs.org/bson 345ms (cache miss)
80 silly packumentCache full:https://registry.npmjs.org/bson set size:undefined disposed:false
81 http fetch GET 200 https://registry.npmjs.org/mongodb-connection-string-url 350ms (cache miss)
82 silly packumentCache full:https://registry.npmjs.org/mongodb-connection-string-url set size:undefined disposed:false
83 http fetch GET 200 https://registry.npmjs.org/@mongodb-js%2fsaslprep 845ms (cache miss)
84 silly packumentCache full:https://registry.npmjs.org/@mongodb-js%2fsaslprep set size:undefined disposed:false
85 silly placeDep ROOT @mongodb-js/saslprep@1.4.11 OK for: mongodb@7.2.0 want: ^1.3.0
86 silly placeDep ROOT bson@7.2.0 OK for: mongodb@7.2.0 want: ^7.2.0
87 silly placeDep ROOT mongodb-connection-string-url@7.0.1 OK for: mongodb@7.2.0 want: ^7.0.0
88 silly fetch manifest sparse-bitfield@^3.0.3
89 silly packumentCache full:https://registry.npmjs.org/sparse-bitfield cache-miss
90 silly fetch manifest whatwg-url@^14.1.0
91 silly packumentCache full:https://registry.npmjs.org/whatwg-url cache-miss
92 silly fetch manifest @types/whatwg-url@^13.0.0
93 silly packumentCache full:https://registry.npmjs.org/@types%2fwhatwg-url cache-miss
94 http fetch GET 200 https://registry.npmjs.org/sparse-bitfield 401ms (cache miss)
95 silly packumentCache full:https://registry.npmjs.org/sparse-bitfield set size:undefined disposed:false
96 http fetch GET 200 https://registry.npmjs.org/whatwg-url 403ms (cache miss)
97 silly packumentCache full:https://registry.npmjs.org/whatwg-url set size:undefined disposed:false
98 http fetch GET 200 https://registry.npmjs.org/@types%2fwhatwg-url 615ms (cache miss)
99 silly packumentCache full:https://registry.npmjs.org/@types%2fwhatwg-url set size:undefined disposed:false
100 silly placeDep ROOT sparse-bitfield@3.0.3 OK for: @mongodb-js/saslprep@1.4.11 want: ^3.0.3
101 silly fetch manifest memory-pager@^1.0.2
102 silly packumentCache full:https://registry.npmjs.org/memory-pager cache-miss
103 http fetch GET 200 https://registry.npmjs.org/memory-pager 365ms (cache miss)
104 silly packumentCache full:https://registry.npmjs.org/memory-pager set size:undefined disposed:false
105 silly placeDep ROOT @types/whatwg-url@13.0.0 OK for: mongodb-connection-string-url@7.0.1 want: ^13.0.0
106 silly placeDep ROOT whatwg-url@14.2.0 OK for: mongodb-connection-string-url@7.0.1 want: ^14.1.0
107 silly fetch manifest @types/webidl-conversions@*
108 silly packumentCache full:https://registry.npmjs.org/@types%2fwebidl-conversions cache-miss
109 silly fetch manifest tr46@^5.1.0
110 silly packumentCache full:https://registry.npmjs.org/tr46 cache-miss
111 silly fetch manifest webidl-conversions@^7.0.0
112 silly packumentCache full:https://registry.npmjs.org/webidl-conversions cache-miss
113 http fetch GET 200 https://registry.npmjs.org/webidl-conversions 317ms (cache miss)
114 silly packumentCache full:https://registry.npmjs.org/webidl-conversions set size:undefined disposed:false
115 http fetch GET 200 https://registry.npmjs.org/tr46 329ms (cache miss)
116 silly packumentCache full:https://registry.npmjs.org/tr46 set size:undefined disposed:false
117 http fetch GET 200 https://registry.npmjs.org/@types%2fwebidl-conversions 647ms (cache miss)
118 silly packumentCache full:https://registry.npmjs.org/@types%2fwebidl-conversions set size:undefined disposed:false
119 silly placeDep ROOT @types/webidl-conversions@7.0.3 OK for: @types/whatwg-url@13.0.0 want: *
120 silly placeDep ROOT memory-pager@1.5.0 OK for: sparse-bitfield@3.0.3 want: ^1.0.2
121 silly placeDep ROOT tr46@5.1.1 OK for: whatwg-url@14.2.0 want: ^5.1.0
122 silly placeDep ROOT webidl-conversions@7.0.0 OK for: whatwg-url@14.2.0 want: ^7.0.0
123 silly fetch manifest punycode@^2.3.1
124 silly packumentCache full:https://registry.npmjs.org/punycode cache-miss
125 http fetch GET 200 https://registry.npmjs.org/punycode 63ms (cache miss)
126 silly packumentCache full:https://registry.npmjs.org/punycode set size:undefined disposed:false
127 silly placeDep ROOT punycode@2.3.1 OK for: tr46@5.1.1 want: ^2.3.1
128 silly reify moves {}
129 silly audit bulk request {
129 silly audit   '@esbuild/aix-ppc64': [ '0.28.0' ],
129 silly audit   '@esbuild/android-arm': [ '0.28.0' ],
129 silly audit   '@esbuild/android-arm64': [ '0.28.0' ],
129 silly audit   '@esbuild/android-x64': [ '0.28.0' ],
129 silly audit   '@esbuild/darwin-arm64': [ '0.28.0' ],
129 silly audit   '@esbuild/darwin-x64': [ '0.28.0' ],
129 silly audit   '@esbuild/freebsd-arm64': [ '0.28.0' ],
129 silly audit   '@esbuild/freebsd-x64': [ '0.28.0' ],
129 silly audit   '@esbuild/linux-arm': [ '0.28.0' ],
129 silly audit   '@esbuild/linux-arm64': [ '0.28.0' ],
129 silly audit   '@esbuild/linux-ia32': [ '0.28.0' ],
129 silly audit   '@esbuild/linux-loong64': [ '0.28.0' ],
129 silly audit   '@esbuild/linux-mips64el': [ '0.28.0' ],
129 silly audit   '@esbuild/linux-ppc64': [ '0.28.0' ],
129 silly audit   '@esbuild/linux-riscv64': [ '0.28.0' ],
129 silly audit   '@esbuild/linux-s390x': [ '0.28.0' ],
129 silly audit   '@esbuild/linux-x64': [ '0.28.0' ],
129 silly audit   '@esbuild/netbsd-arm64': [ '0.28.0' ],
129 silly audit   '@esbuild/netbsd-x64': [ '0.28.0' ],
129 silly audit   '@esbuild/openbsd-arm64': [ '0.28.0' ],
129 silly audit   '@esbuild/openbsd-x64': [ '0.28.0' ],
129 silly audit   '@esbuild/openharmony-arm64': [ '0.28.0' ],
129 silly audit   '@esbuild/sunos-x64': [ '0.28.0' ],
129 silly audit   '@esbuild/win32-arm64': [ '0.28.0' ],
129 silly audit   '@esbuild/win32-ia32': [ '0.28.0' ],
129 silly audit   '@esbuild/win32-x64': [ '0.28.0' ],
129 silly audit   '@types/body-parser': [ '1.19.6' ],
129 silly audit   '@types/connect': [ '3.4.38' ],
129 silly audit   '@types/express': [ '5.0.6' ],
129 silly audit   '@types/express-serve-static-core': [ '5.1.1' ],
129 silly audit   '@types/http-errors': [ '2.0.5' ],
129 silly audit   '@types/jsonwebtoken': [ '9.0.10' ],
129 silly audit   '@types/ms': [ '2.1.0' ],
129 silly audit   '@types/node': [ '25.9.2' ],
129 silly audit   '@types/qs': [ '6.15.1' ],
129 silly audit   '@types/range-parser': [ '1.2.7' ],
129 silly audit   '@types/send': [ '1.2.1' ],
129 silly audit   '@types/serve-static': [ '2.2.0' ],
129 silly audit   accepts: [ '2.0.0' ],
129 silly audit   bcryptjs: [ '3.0.3' ],
129 silly audit   'body-parser': [ '2.2.2' ],
129 silly audit   'buffer-equal-constant-time': [ '1.0.1' ],
129 silly audit   bytes: [ '3.1.2' ],
129 silly audit   'call-bind-apply-helpers': [ '1.0.2' ],
129 silly audit   'call-bound': [ '1.0.4' ],
129 silly audit   'content-disposition': [ '1.1.0' ],
129 silly audit   'content-type': [ '1.0.5', '2.0.0' ],
129 silly audit   cookie: [ '0.7.2' ],
129 silly audit   'cookie-signature': [ '1.2.2' ],
129 silly audit   cors: [ '2.8.6' ],
129 silly audit   debug: [ '4.4.3' ],
129 silly audit   depd: [ '2.0.0' ],
129 silly audit   dotenv: [ '17.4.2' ],
129 silly audit   'dunder-proto': [ '1.0.1' ],
129 silly audit   'ecdsa-sig-formatter': [ '1.0.11' ],
129 silly audit   'ee-first': [ '1.1.1' ],
129 silly audit   encodeurl: [ '2.0.0' ],
129 silly audit   'es-define-property': [ '1.0.1' ],
129 silly audit   'es-errors': [ '1.3.0' ],
129 silly audit   'es-object-atoms': [ '1.1.2' ],
129 silly audit   esbuild: [ '0.28.0' ],
129 silly audit   'escape-html': [ '1.0.3' ],
129 silly audit   etag: [ '1.8.1' ],
129 silly audit   express: [ '5.2.1' ],
129 silly audit   finalhandler: [ '2.1.1' ],
129 silly audit   forwarded: [ '0.2.0' ],
129 silly audit   fresh: [ '2.0.0' ],
129 silly audit   fsevents: [ '2.3.3' ],
129 silly audit   'function-bind': [ '1.1.2' ],
129 silly audit   'get-intrinsic': [ '1.3.0' ],
129 silly audit   'get-proto': [ '1.0.1' ],
129 silly audit   gopd: [ '1.2.0' ],
129 silly audit   'has-symbols': [ '1.1.0' ],
129 silly audit   hasown: [ '2.0.4' ],
129 silly audit   'http-errors': [ '2.0.1' ],
129 silly audit   'iconv-lite': [ '0.7.2' ],
129 silly audit   inherits: [ '2.0.4' ],
129 silly audit   'ipaddr.js': [ '1.9.1' ],
129 silly audit   'is-promise': [ '4.0.0' ],
129 silly audit   jsonwebtoken: [ '9.0.3' ],
129 silly audit   jwa: [ '2.0.1' ],
129 silly audit   jws: [ '4.0.1' ],
129 silly audit   'lodash.includes': [ '4.3.0' ],
129 silly audit   'lodash.isboolean': [ '3.0.3' ],
129 silly audit   'lodash.isinteger': [ '4.0.4' ],
129 silly audit   'lodash.isnumber': [ '3.0.3' ],
129 silly audit   'lodash.isplainobject': [ '4.0.6' ],
129 silly audit   'lodash.isstring': [ '4.0.1' ],
129 silly audit   'lodash.once': [ '4.1.1' ],
129 silly audit   'math-intrinsics': [ '1.1.0' ],
129 silly audit   'media-typer': [ '1.1.0' ],
129 silly audit   'merge-descriptors': [ '2.0.0' ],
129 silly audit   'mime-db': [ '1.54.0' ],
129 silly audit   'mime-types': [ '3.0.2' ],
129 silly audit   mogoose: [ '0.0.1-security' ],
129 silly audit   ms: [ '2.1.3' ],
129 silly audit   negotiator: [ '1.0.0' ],
129 silly audit   'object-assign': [ '4.1.1' ],
129 silly audit   'object-inspect': [ '1.13.4' ],
129 silly audit   'on-finished': [ '2.4.1' ],
129 silly audit   once: [ '1.4.0' ],
129 silly audit   parseurl: [ '1.3.3' ],
129 silly audit   'path-to-regexp': [ '8.4.2' ],
129 silly audit   'proxy-addr': [ '2.0.7' ],
129 silly audit   qs: [ '6.15.2' ],
129 silly audit   'range-parser': [ '1.2.1' ],
129 silly audit   'raw-body': [ '3.0.2' ],
129 silly audit   router: [ '2.2.0' ],
129 silly audit   'safe-buffer': [ '5.2.1' ],
129 silly audit   'safer-buffer': [ '2.1.2' ],
129 silly audit   semver: [ '7.8.2' ],
129 silly audit   send: [ '1.2.1' ],
129 silly audit   'serve-static': [ '2.2.1' ],
129 silly audit   setprototypeof: [ '1.2.0' ],
129 silly audit   'side-channel': [ '1.1.0' ],
129 silly audit   'side-channel-list': [ '1.0.1' ],
129 silly audit   'side-channel-map': [ '1.0.1' ],
129 silly audit   'side-channel-weakmap': [ '1.0.2' ],
129 silly audit   statuses: [ '2.0.2' ],
129 silly audit   toidentifier: [ '1.0.1' ],
129 silly audit   tsx: [ '4.22.4' ],
129 silly audit   'type-is': [ '2.1.0' ],
129 silly audit   typescript: [ '6.0.3' ],
129 silly audit   'undici-types': [ '7.24.6' ],
129 silly audit   unpipe: [ '1.0.0' ],
129 silly audit   vary: [ '1.1.2' ],
129 silly audit   wrappy: [ '1.0.2' ],
129 silly audit   zod: [ '4.4.3' ],
129 silly audit   mongoose: [ '9.6.3' ],
129 silly audit   kareem: [ '3.3.0' ],
129 silly audit   mongodb: [ '7.2.0' ],
129 silly audit   mpath: [ '0.9.0' ],
129 silly audit   mquery: [ '6.0.0' ],
129 silly audit   sift: [ '17.1.3' ],
129 silly audit   '@mongodb-js/saslprep': [ '1.4.11' ],
129 silly audit   bson: [ '7.2.0' ],
129 silly audit   'mongodb-connection-string-url': [ '7.0.1' ],
129 silly audit   'sparse-bitfield': [ '3.0.3' ],
129 silly audit   '@types/whatwg-url': [ '13.0.0' ],
129 silly audit   'whatwg-url': [ '14.2.0' ],
129 silly audit   '@types/webidl-conversions': [ '7.0.3' ],
129 silly audit   'memory-pager': [ '1.5.0' ],
129 silly audit   tr46: [ '5.1.1' ],
129 silly audit   'webidl-conversions': [ '7.0.0' ],
129 silly audit   punycode: [ '2.3.1' ]
129 silly audit }
130 verbose reify failed optional dependency C:\Users\Legion\Documents\developer\developer\gigflow-root\gigflow_api\node_modules\fsevents
131 silly reify mark deleted [
131 silly reify   'C:\\Users\\Legion\\Documents\\developer\\developer\\gigflow-root\\gigflow_api\\node_modules\\fsevents'
131 silly reify ]
132 verbose reify failed optional dependency C:\Users\Legion\Documents\developer\developer\gigflow-root\gigflow_api\node_modules\@esbuild\win32-ia32
133 silly reify mark deleted [
133 silly reify   'C:\\Users\\Legion\\Documents\\developer\\developer\\gigflow-root\\gigflow_api\\node_modules\\@esbuild\\win32-ia32'
133 silly reify ]
134 verbose reify failed optional dependency C:\Users\Legion\Documents\developer\developer\gigflow-root\gigflow_api\node_modules\@esbuild\win32-arm64
135 silly reify mark deleted [
135 silly reify   'C:\\Users\\Legion\\Documents\\developer\\developer\\gigflow-root\\gigflow_api\\node_modules\\@esbuild\\win32-arm64'
135 silly reify ]
136 verbose reify failed optional dependency C:\Users\Legion\Documents\developer\developer\gigflow-root\gigflow_api\node_modules\@esbuild\sunos-x64
137 silly reify mark deleted [
137 silly reify   'C:\\Users\\Legion\\Documents\\developer\\developer\\gigflow-root\\gigflow_api\\node_modules\\@esbuild\\sunos-x64'
137 silly reify ]
138 verbose reify failed optional dependency C:\Users\Legion\Documents\developer\developer\gigflow-root\gigflow_api\node_modules\@esbuild\openharmony-arm64
139 silly reify mark deleted [
139 silly reify   'C:\\Users\\Legion\\Documents\\developer\\developer\\gigflow-root\\gigflow_api\\node_modules\\@esbuild\\openharmony-arm64'
139 silly reify ]
140 verbose reify failed optional dependency C:\Users\Legion\Documents\developer\developer\gigflow-root\gigflow_api\node_modules\@esbuild\openbsd-x64
141 silly reify mark deleted [
141 silly reify   'C:\\Users\\Legion\\Documents\\developer\\developer\\gigflow-root\\gigflow_api\\node_modules\\@esbuild\\openbsd-x64'
141 silly reify ]
142 verbose reify failed optional dependency C:\Users\Legion\Documents\developer\developer\gigflow-root\gigflow_api\node_modules\@esbuild\openbsd-arm64
143 silly reify mark deleted [
143 silly reify   'C:\\Users\\Legion\\Documents\\developer\\developer\\gigflow-root\\gigflow_api\\node_modules\\@esbuild\\openbsd-arm64'
143 silly reify ]
144 verbose reify failed optional dependency C:\Users\Legion\Documents\developer\developer\gigflow-root\gigflow_api\node_modules\@esbuild\netbsd-x64
145 silly reify mark deleted [
145 silly reify   'C:\\Users\\Legion\\Documents\\developer\\developer\\gigflow-root\\gigflow_api\\node_modules\\@esbuild\\netbsd-x64'
145 silly reify ]
146 verbose reify failed optional dependency C:\Users\Legion\Documents\developer\developer\gigflow-root\gigflow_api\node_modules\@esbuild\netbsd-arm64
147 silly reify mark deleted [
147 silly reify   'C:\\Users\\Legion\\Documents\\developer\\developer\\gigflow-root\\gigflow_api\\node_modules\\@esbuild\\netbsd-arm64'
147 silly reify ]
148 verbose reify failed optional dependency C:\Users\Legion\Documents\developer\developer\gigflow-root\gigflow_api\node_modules\@esbuild\linux-x64
149 silly reify mark deleted [
149 silly reify   'C:\\Users\\Legion\\Documents\\developer\\developer\\gigflow-root\\gigflow_api\\node_modules\\@esbuild\\linux-x64'
149 silly reify ]
150 verbose reify failed optional dependency C:\Users\Legion\Documents\developer\developer\gigflow-root\gigflow_api\node_modules\@esbuild\linux-s390x
151 silly reify mark deleted [
151 silly reify   'C:\\Users\\Legion\\Documents\\developer\\developer\\gigflow-root\\gigflow_api\\node_modules\\@esbuild\\linux-s390x'
151 silly reify ]
152 verbose reify failed optional dependency C:\Users\Legion\Documents\developer\developer\gigflow-root\gigflow_api\node_modules\@esbuild\linux-riscv64
153 silly reify mark deleted [
153 silly reify   'C:\\Users\\Legion\\Documents\\developer\\developer\\gigflow-root\\gigflow_api\\node_modules\\@esbuild\\linux-riscv64'
153 silly reify ]
154 verbose reify failed optional dependency C:\Users\Legion\Documents\developer\developer\gigflow-root\gigflow_api\node_modules\@esbuild\linux-ppc64
155 silly reify mark deleted [
155 silly reify   'C:\\Users\\Legion\\Documents\\developer\\developer\\gigflow-root\\gigflow_api\\node_modules\\@esbuild\\linux-ppc64'
155 silly reify ]
156 verbose reify failed optional dependency C:\Users\Legion\Documents\developer\developer\gigflow-root\gigflow_api\node_modules\@esbuild\linux-mips64el
157 silly reify mark deleted [
157 silly reify   'C:\\Users\\Legion\\Documents\\developer\\developer\\gigflow-root\\gigflow_api\\node_modules\\@esbuild\\linux-mips64el'
157 silly reify ]
158 verbose reify failed optional dependency C:\Users\Legion\Documents\developer\developer\gigflow-root\gigflow_api\node_modules\@esbuild\linux-loong64
159 silly reify mark deleted [
159 silly reify   'C:\\Users\\Legion\\Documents\\developer\\developer\\gigflow-root\\gigflow_api\\node_modules\\@esbuild\\linux-loong64'
159 silly reify ]
160 verbose reify failed optional dependency C:\Users\Legion\Documents\developer\developer\gigflow-root\gigflow_api\node_modules\@esbuild\linux-ia32
161 silly reify mark deleted [
161 silly reify   'C:\\Users\\Legion\\Documents\\developer\\developer\\gigflow-root\\gigflow_api\\node_modules\\@esbuild\\linux-ia32'
161 silly reify ]
162 verbose reify failed optional dependency C:\Users\Legion\Documents\developer\developer\gigflow-root\gigflow_api\node_modules\@esbuild\linux-arm64
163 silly reify mark deleted [
163 silly reify   'C:\\Users\\Legion\\Documents\\developer\\developer\\gigflow-root\\gigflow_api\\node_modules\\@esbuild\\linux-arm64'
163 silly reify ]
164 verbose reify failed optional dependency C:\Users\Legion\Documents\developer\developer\gigflow-root\gigflow_api\node_modules\@esbuild\linux-arm
165 silly reify mark deleted [
165 silly reify   'C:\\Users\\Legion\\Documents\\developer\\developer\\gigflow-root\\gigflow_api\\node_modules\\@esbuild\\linux-arm'
165 silly reify ]
166 verbose reify failed optional dependency C:\Users\Legion\Documents\developer\developer\gigflow-root\gigflow_api\node_modules\@esbuild\freebsd-x64
167 silly reify mark deleted [
167 silly reify   'C:\\Users\\Legion\\Documents\\developer\\developer\\gigflow-root\\gigflow_api\\node_modules\\@esbuild\\freebsd-x64'
167 silly reify ]
168 verbose reify failed optional dependency C:\Users\Legion\Documents\developer\developer\gigflow-root\gigflow_api\node_modules\@esbuild\freebsd-arm64
169 silly reify mark deleted [
169 silly reify   'C:\\Users\\Legion\\Documents\\developer\\developer\\gigflow-root\\gigflow_api\\node_modules\\@esbuild\\freebsd-arm64'
169 silly reify ]
170 verbose reify failed optional dependency C:\Users\Legion\Documents\developer\developer\gigflow-root\gigflow_api\node_modules\@esbuild\darwin-x64
171 silly reify mark deleted [
171 silly reify   'C:\\Users\\Legion\\Documents\\developer\\developer\\gigflow-root\\gigflow_api\\node_modules\\@esbuild\\darwin-x64'
171 silly reify ]
172 verbose reify failed optional dependency C:\Users\Legion\Documents\developer\developer\gigflow-root\gigflow_api\node_modules\@esbuild\darwin-arm64
173 silly reify mark deleted [
173 silly reify   'C:\\Users\\Legion\\Documents\\developer\\developer\\gigflow-root\\gigflow_api\\node_modules\\@esbuild\\darwin-arm64'
173 silly reify ]
174 verbose reify failed optional dependency C:\Users\Legion\Documents\developer\developer\gigflow-root\gigflow_api\node_modules\@esbuild\android-x64
175 silly reify mark deleted [
175 silly reify   'C:\\Users\\Legion\\Documents\\developer\\developer\\gigflow-root\\gigflow_api\\node_modules\\@esbuild\\android-x64'
175 silly reify ]
176 verbose reify failed optional dependency C:\Users\Legion\Documents\developer\developer\gigflow-root\gigflow_api\node_modules\@esbuild\android-arm64
177 silly reify mark deleted [
177 silly reify   'C:\\Users\\Legion\\Documents\\developer\\developer\\gigflow-root\\gigflow_api\\node_modules\\@esbuild\\android-arm64'
177 silly reify ]
178 verbose reify failed optional dependency C:\Users\Legion\Documents\developer\developer\gigflow-root\gigflow_api\node_modules\@esbuild\android-arm
179 silly reify mark deleted [
179 silly reify   'C:\\Users\\Legion\\Documents\\developer\\developer\\gigflow-root\\gigflow_api\\node_modules\\@esbuild\\android-arm'
179 silly reify ]
180 verbose reify failed optional dependency C:\Users\Legion\Documents\developer\developer\gigflow-root\gigflow_api\node_modules\@esbuild\aix-ppc64
181 silly reify mark deleted [
181 silly reify   'C:\\Users\\Legion\\Documents\\developer\\developer\\gigflow-root\\gigflow_api\\node_modules\\@esbuild\\aix-ppc64'
181 silly reify ]
182 http cache punycode@https://registry.npmjs.org/punycode/-/punycode-2.3.1.tgz 0ms (cache hit)
183 http cache @types/webidl-conversions@https://registry.npmjs.org/@types/webidl-conversions/-/webidl-conversions-7.0.3.tgz 0ms (cache hit)
184 http cache webidl-conversions@https://registry.npmjs.org/webidl-conversions/-/webidl-conversions-7.0.0.tgz 0ms (cache hit)
185 http cache tr46@https://registry.npmjs.org/tr46/-/tr46-5.1.1.tgz 0ms (cache hit)
186 http cache @types/whatwg-url@https://registry.npmjs.org/@types/whatwg-url/-/whatwg-url-13.0.0.tgz 0ms (cache hit)
187 http cache whatwg-url@https://registry.npmjs.org/whatwg-url/-/whatwg-url-14.2.0.tgz 0ms (cache hit)
188 http cache memory-pager@https://registry.npmjs.org/memory-pager/-/memory-pager-1.5.0.tgz 0ms (cache hit)
189 http cache sparse-bitfield@https://registry.npmjs.org/sparse-bitfield/-/sparse-bitfield-3.0.3.tgz 0ms (cache hit)
190 http cache mongodb-connection-string-url@https://registry.npmjs.org/mongodb-connection-string-url/-/mongodb-connection-string-url-7.0.1.tgz 0ms (cache hit)
191 http cache bson@https://registry.npmjs.org/bson/-/bson-7.2.0.tgz 0ms (cache hit)
192 http cache sift@https://registry.npmjs.org/sift/-/sift-17.1.3.tgz 0ms (cache hit)
193 http cache @mongodb-js/saslprep@https://registry.npmjs.org/@mongodb-js/saslprep/-/saslprep-1.4.11.tgz 0ms (cache hit)
194 http cache mquery@https://registry.npmjs.org/mquery/-/mquery-6.0.0.tgz 0ms (cache hit)
195 http cache mpath@https://registry.npmjs.org/mpath/-/mpath-0.9.0.tgz 0ms (cache hit)
196 http cache mongoose@https://registry.npmjs.org/mongoose/-/mongoose-9.6.3.tgz 0ms (cache hit)
197 silly tarball no local data for punycode@https://registry.npmjs.org/punycode/-/punycode-2.3.1.tgz. Extracting by manifest.
198 silly tarball no local data for @types/webidl-conversions@https://registry.npmjs.org/@types/webidl-conversions/-/webidl-conversions-7.0.3.tgz. Extracting by manifest.
199 http cache mongodb@https://registry.npmjs.org/mongodb/-/mongodb-7.2.0.tgz 0ms (cache hit)
200 silly tarball no local data for webidl-conversions@https://registry.npmjs.org/webidl-conversions/-/webidl-conversions-7.0.0.tgz. Extracting by manifest.
201 silly tarball no local data for tr46@https://registry.npmjs.org/tr46/-/tr46-5.1.1.tgz. Extracting by manifest.
202 silly tarball no local data for @types/whatwg-url@https://registry.npmjs.org/@types/whatwg-url/-/whatwg-url-13.0.0.tgz. Extracting by manifest.
203 http cache kareem@https://registry.npmjs.org/kareem/-/kareem-3.3.0.tgz 0ms (cache hit)
204 silly tarball no local data for whatwg-url@https://registry.npmjs.org/whatwg-url/-/whatwg-url-14.2.0.tgz. Extracting by manifest.
205 silly tarball no local data for memory-pager@https://registry.npmjs.org/memory-pager/-/memory-pager-1.5.0.tgz. Extracting by manifest.
206 silly tarball no local data for sparse-bitfield@https://registry.npmjs.org/sparse-bitfield/-/sparse-bitfield-3.0.3.tgz. Extracting by manifest.
207 silly tarball no local data for mongodb-connection-string-url@https://registry.npmjs.org/mongodb-connection-string-url/-/mongodb-connection-string-url-7.0.1.tgz. Extracting by manifest.
208 silly tarball no local data for bson@https://registry.npmjs.org/bson/-/bson-7.2.0.tgz. Extracting by manifest.
209 silly tarball no local data for sift@https://registry.npmjs.org/sift/-/sift-17.1.3.tgz. Extracting by manifest.
210 silly tarball no local data for @mongodb-js/saslprep@https://registry.npmjs.org/@mongodb-js/saslprep/-/saslprep-1.4.11.tgz. Extracting by manifest.
211 silly tarball no local data for mquery@https://registry.npmjs.org/mquery/-/mquery-6.0.0.tgz. Extracting by manifest.
212 silly tarball no local data for mpath@https://registry.npmjs.org/mpath/-/mpath-0.9.0.tgz. Extracting by manifest.
213 silly tarball no local data for mongoose@https://registry.npmjs.org/mongoose/-/mongoose-9.6.3.tgz. Extracting by manifest.
214 silly tarball no local data for mongodb@https://registry.npmjs.org/mongodb/-/mongodb-7.2.0.tgz. Extracting by manifest.
215 silly tarball no local data for kareem@https://registry.npmjs.org/kareem/-/kareem-3.3.0.tgz. Extracting by manifest.
216 http fetch GET 200 https://registry.npmjs.org/webidl-conversions/-/webidl-conversions-7.0.0.tgz 291ms (cache miss)
217 http fetch GET 200 https://registry.npmjs.org/punycode/-/punycode-2.3.1.tgz 296ms (cache miss)
218 http fetch GET 200 https://registry.npmjs.org/kareem/-/kareem-3.3.0.tgz 295ms (cache miss)
219 http fetch GET 200 https://registry.npmjs.org/memory-pager/-/memory-pager-1.5.0.tgz 308ms (cache miss)
220 http fetch GET 200 https://registry.npmjs.org/sparse-bitfield/-/sparse-bitfield-3.0.3.tgz 309ms (cache miss)
221 http fetch GET 200 https://registry.npmjs.org/tr46/-/tr46-5.1.1.tgz 323ms (cache miss)
222 http fetch GET 200 https://registry.npmjs.org/mongodb-connection-string-url/-/mongodb-connection-string-url-7.0.1.tgz 328ms (cache miss)
223 http fetch GET 200 https://registry.npmjs.org/mpath/-/mpath-0.9.0.tgz 339ms (cache miss)
224 http fetch GET 200 https://registry.npmjs.org/@types/webidl-conversions/-/webidl-conversions-7.0.3.tgz 366ms (cache miss)
225 http fetch GET 200 https://registry.npmjs.org/whatwg-url/-/whatwg-url-14.2.0.tgz 365ms (cache miss)
226 http fetch GET 200 https://registry.npmjs.org/mquery/-/mquery-6.0.0.tgz 364ms (cache miss)
227 http fetch GET 200 https://registry.npmjs.org/sift/-/sift-17.1.3.tgz 387ms (cache miss)
228 http fetch GET 200 https://registry.npmjs.org/@types/whatwg-url/-/whatwg-url-13.0.0.tgz 467ms (cache miss)
229 http fetch GET 200 https://registry.npmjs.org/bson/-/bson-7.2.0.tgz 485ms (cache miss)
230 http fetch POST 200 https://registry.npmjs.org/-/npm/v1/security/advisories/bulk 532ms
231 silly audit report {}
232 http fetch GET 200 https://registry.npmjs.org/@mongodb-js/saslprep/-/saslprep-1.4.11.tgz 566ms (cache miss)
233 http fetch GET 200 https://registry.npmjs.org/mongoose/-/mongoose-9.6.3.tgz 816ms (cache miss)
234 http fetch GET 200 https://registry.npmjs.org/mongodb/-/mongodb-7.2.0.tgz 1006ms (cache miss)
235 silly ADD node_modules/punycode
236 silly ADD node_modules/webidl-conversions
237 silly ADD node_modules/tr46
238 silly ADD node_modules/memory-pager
239 silly ADD node_modules/@types/webidl-conversions
240 silly ADD node_modules/whatwg-url
241 silly ADD node_modules/@types/whatwg-url
242 silly ADD node_modules/sparse-bitfield
243 silly ADD node_modules/mongodb-connection-string-url
244 silly ADD node_modules/bson
245 silly ADD node_modules/@mongodb-js/saslprep
246 silly ADD node_modules/sift
247 silly ADD node_modules/mquery
248 silly ADD node_modules/mpath
249 silly ADD node_modules/mongodb
250 silly ADD node_modules/kareem
251 silly ADD node_modules/mongoose
252 silly ADD
253 silly ADD
254 silly ADD
255 silly ADD
256 silly ADD
257 silly ADD
258 silly ADD
259 silly ADD
260 silly ADD
261 silly ADD
262 silly ADD
263 silly ADD
264 silly ADD
265 silly ADD
266 silly ADD
267 silly ADD
268 silly ADD
269 silly ADD
270 silly ADD
271 silly ADD
272 silly ADD
273 silly ADD
274 silly ADD
275 silly ADD
276 silly ADD
277 silly ADD
278 verbose cwd C:\Users\Legion\Documents\developer\developer\gigflow-root\gigflow_api
279 verbose os Windows_NT 10.0.26200
280 verbose node v22.15.1
281 verbose npm  v10.9.2
282 notice
282 notice New major version of npm available! 10.9.2 -> 11.16.0
282 notice Changelog: https://github.com/npm/cli/releases/tag/v11.16.0
282 notice To update run: npm install -g npm@11.16.0
282 notice  { force: true, [Symbol(proc-log.meta)]: true }
283 verbose exit 0
284 info ok
